******************************************************************************
                  TI ARM Linker PC v20.2.7                     
******************************************************************************
>> Linked Fri Apr  7 20:47:49 2023

OUTPUT FILE NAME:   <projectInClass.out>
ENTRY POINT SYMBOL: "_c_int00_noargs"  address: 00001421


MEMORY CONFIGURATION

         name            origin    length      used     unused   attr    fill
----------------------  --------  ---------  --------  --------  ----  --------
  FLASH                 00000000   00040000  0000160c  0003e9f4  R  X
  SRAM                  20000000   00008000  0000034e  00007cb2  RW X


SEGMENT ALLOCATION MAP

run origin  load origin   length   init length attrs members
----------  ----------- ---------- ----------- ----- -------
00000000    00000000    0000160c   0000160c    r-x
  00000000    00000000    00000270   00000270    r-- .intvecs
  00000270    00000270    0000130c   0000130c    r-x .text
  0000157c    0000157c    0000006c   0000006c    r-- .const
  000015e8    000015e8    00000024   00000024    r-- .cinit
20000000    20000000    0000034e   00000000    rw-
  20000000    20000000    00000200   00000000    rw- .stack
  20000200    20000200    0000014e   00000000    rw- .data


SECTION ALLOCATION MAP

 output                                  attributes/
section   page    origin      length       input sections
--------  ----  ----------  ----------   ----------------
.intvecs   0    00000000    00000270     
                  00000000    00000270     tm4c123gh6pm_startup_ccs.obj (.intvecs)

.text      0    00000270    0000130c     
                  00000270    000001b6     rtsv7M4_T_le_v4SPD16_eabi.lib : fd_add_t2.asm.obj (.text)
                  00000426    00000002     --HOLE-- [fill = 0]
                  00000428    0000016c     Timer1.obj (.text)
                  00000594    0000016c     Timer_0.obj (.text)
                  00000700    00000136     rtsv7M4_T_le_v4SPD16_eabi.lib : fd_div_t2.asm.obj (.text)
                  00000836    00000002     --HOLE-- [fill = 0]
                  00000838    00000134     GPIO.obj (.text)
                  0000096c    00000132     driverlib.lib : gpio.obj (.text:GPIOPadConfigSet)
                  00000a9e    00000002     --HOLE-- [fill = 0]
                  00000aa0    00000110                   : sysctl.obj (.text:SysCtlClockGet)
                  00000bb0    00000104     Confirm.obj (.text)
                  00000cb4    000000fc     rtsv7M4_T_le_v4SPD16_eabi.lib : fd_mul_t2.asm.obj (.text)
                  00000db0    000000f4     driverlib.lib : sysctl.obj (.text:SysCtlClockSet)
                  00000ea4    000000c4     State.obj (.text)
                  00000f68    000000c0     main.obj (.text)
                  00001028    000000a8     Filter.obj (.text)
                  000010d0    0000009c     rtsv7M4_T_le_v4SPD16_eabi.lib : memcpy_t2.asm.obj (.text)
                  0000116c    00000098     State_out.obj (.text)
                  00001204    0000006e     rtsv7M4_T_le_v4SPD16_eabi.lib : fd_tos_t2.asm.obj (.text)
                  00001272    00000002     --HOLE-- [fill = 0]
                  00001274    0000006c     Systick.obj (.text)
                  000012e0    00000068     rtsv7M4_T_le_v4SPD16_eabi.lib : copy_decompress_lzss.c.obj (.text:decompress:lzss:__TI_decompress_lzss)
                  00001348    00000060     driverlib.lib : timer.obj (.text:TimerConfigure)
                  000013a8    00000044     rtsv7M4_T_le_v4SPD16_eabi.lib : autoinit.c.obj (.text:__TI_auto_init_nobinit_nopinit:__TI_auto_init_nobinit_nopinit)
                  000013ec    00000034     driverlib.lib : sysctl.obj (.text:SysCtlPeripheralEnable)
                  00001420    00000034     rtsv7M4_T_le_v4SPD16_eabi.lib : boot_cortex_m.c.obj (.text:_c_int00_noargs:_c_int00_noargs)
                  00001454    0000002a     driverlib.lib : gpio.obj (.text:GPIODirModeSet)
                  0000147e    00000020     rtsv7M4_T_le_v4SPD16_eabi.lib : u_tofd_t2.asm.obj (.text)
                  0000149e    00000018     driverlib.lib : gpio.obj (.text:GPIOPinTypeGPIOOutput)
                  000014b6    00000002     --HOLE-- [fill = 0]
                  000014b8    00000014                   : systick.obj (.text:SysTickEnable)
                  000014cc    00000014                   : systick.obj (.text:SysTickIntEnable)
                  000014e0    00000012                   : gpio.obj (.text:GPIOPinTypeGPIOInput)
                  000014f2    00000012                   : timer.obj (.text:TimerLoadSet)
                  00001504    00000010                   : interrupt.obj (.text:IntMasterEnable)
                  00001514    00000010                   : systick.obj (.text:SysTickPeriodSet)
                  00001524    0000000e                   : timer.obj (.text:TimerEnable)
                  00001532    0000000e     rtsv7M4_T_le_v4SPD16_eabi.lib : copy_decompress_none.c.obj (.text:decompress:none:__TI_decompress_none)
                  00001540    0000000c     driverlib.lib : cpu.obj (.text:CPUcpsie)
                  0000154c    0000000c     tm4c123gh6pm_startup_ccs.obj (.text)
                  00001558    0000000a     driverlib.lib : timer.obj (.text:TimerValueGet)
                  00001562    00000006                   : gpio.obj (.text:GPIOPinRead)
                  00001568    00000006                   : gpio.obj (.text:GPIOPinWrite)
                  0000156e    00000006                   : sysctl.obj (.text:SysCtlDelay)
                  00001574    00000004     rtsv7M4_T_le_v4SPD16_eabi.lib : pre_init.c.obj (.text:_system_pre_init)
                  00001578    00000004                                   : exit.c.obj (.text:abort:abort)

.const     0    0000157c    0000006c     
                  0000157c    0000006c     driverlib.lib : sysctl.obj (.const:g_pui32Xtals)

.cinit     0    000015e8    00000024     
                  000015e8    00000012     (.cinit..data.load) [load image, compression = lzss]
                  000015fa    00000002     --HOLE-- [fill = 0]
                  000015fc    00000008     (__TI_handler_table)
                  00001604    00000008     (__TI_cinit_table)

.init_array 
*          0    00000000    00000000     UNINITIALIZED

.data      0    20000200    0000014e     UNINITIALIZED
                  20000200    00000078     Timer_0.obj (.data:filter_in)
                  20000278    00000078     Timer1.obj (.data:filter_out)
                  200002f0    00000018     Timer1.obj (.data)
                  20000308    00000014     Timer_0.obj (.data)
                  2000031c    00000010     Filter.obj (.data)
                  2000032c    0000000c     Systick.obj (.data)
                  20000338    00000009     State.obj (.data)
                  20000341    00000003     --HOLE--
                  20000344    00000005     State_out.obj (.data)
                  20000349    00000001     --HOLE--
                  2000034a    00000004     Confirm.obj (.data:confirm)

.stack     0    20000000    00000200     UNINITIALIZED
                  20000000    00000004     rtsv7M4_T_le_v4SPD16_eabi.lib : boot_cortex_m.c.obj (.stack)
                  20000004    000001fc     --HOLE--

__llvm_prf_cnts 
*          0    20000000    00000000     UNINITIALIZED

MODULE SUMMARY

       Module                         code   ro data   rw data
       ------                         ----   -------   -------
    .\
       tm4c123gh6pm_startup_ccs.obj   12     624       0      
       main.obj                       192    0         0      
    +--+------------------------------+------+---------+---------+
       Total:                         204    624       0      
                                                              
    .\Confirm\
       Confirm.obj                    260    0         4      
    +--+------------------------------+------+---------+---------+
       Total:                         260    0         4      
                                                              
    .\Filter\
       Filter.obj                     168    0         16     
    +--+------------------------------+------+---------+---------+
       Total:                         168    0         16     
                                                              
    .\GPIO\
       GPIO.obj                       308    0         0      
    +--+------------------------------+------+---------+---------+
       Total:                         308    0         0      
                                                              
    .\State\
       State.obj                      196    0         9      
    +--+------------------------------+------+---------+---------+
       Total:                         196    0         9      
                                                              
    .\State_out\
       State_out.obj                  152    0         5      
    +--+------------------------------+------+---------+---------+
       Total:                         152    0         5      
                                                              
    .\Systick\
       Systick.obj                    108    0         12     
    +--+------------------------------+------+---------+---------+
       Total:                         108    0         12     
                                                              
    .\Timer1\
       Timer1.obj                     364    0         144    
    +--+------------------------------+------+---------+---------+
       Total:                         364    0         144    
                                                              
    .\Timer_0\
       Timer_0.obj                    364    0         140    
    +--+------------------------------+------+---------+---------+
       Total:                         364    0         140    
                                                              
    C:/ti/TivaWare_C_Series-2.1.4.178/driverlib/ccs/Debug/driverlib.lib
       sysctl.obj                     574    108       0      
       gpio.obj                       402    0         0      
       timer.obj                      138    0         0      
       systick.obj                    56     0         0      
       interrupt.obj                  16     0         0      
       cpu.obj                        12     0         0      
    +--+------------------------------+------+---------+---------+
       Total:                         1198   108       0      
                                                              
    C:\ti\ccs1220\ccs\tools\compiler\ti-cgt-arm_20.2.7.LTS\lib\rtsv7M4_T_le_v4SPD16_eabi.lib
       fd_add_t2.asm.obj              438    0         0      
       fd_div_t2.asm.obj              310    0         0      
       fd_mul_t2.asm.obj              252    0         0      
       memcpy_t2.asm.obj              156    0         0      
       fd_tos_t2.asm.obj              110    0         0      
       copy_decompress_lzss.c.obj     104    0         0      
       autoinit.c.obj                 68     0         0      
       boot_cortex_m.c.obj            52     0         0      
       u_tofd_t2.asm.obj              32     0         0      
       copy_decompress_none.c.obj     14     0         0      
       exit.c.obj                     4      0         0      
       pre_init.c.obj                 4      0         0      
    +--+------------------------------+------+---------+---------+
       Total:                         1544   0         0      
                                                              
       Stack:                         0      0         512    
       Linker Generated:              0      34        0      
    +--+------------------------------+------+---------+---------+
       Grand Total:                   4866   766       842    


LINKER GENERATED COPY TABLES

__TI_cinit_table @ 00001604 records: 1, size/record: 8, table size: 8
	.data: load addr=000015e8, load size=00000012 bytes, run addr=20000200, run size=0000014e bytes, compression=lzss


LINKER GENERATED HANDLER TABLE

__TI_handler_table @ 000015fc records: 2, size/record: 4, table size: 8
	index: 0, handler: __TI_decompress_lzss
	index: 1, handler: __TI_decompress_none


GLOBAL SYMBOLS: SORTED ALPHABETICALLY BY Name 

address   name                          
-------   ----                          
00001579  C$$EXIT                       
00001541  CPUcpsie                      
00000bb1  Check_In                      
00000c27  Check_Out                     
00000697  Config_Timer                  
0000052b  Config_Timer1                 
00000855  Config_led_blue               
00000871  Config_led_green              
00000839  Config_led_red                
000008f1  Echo_0                        
00000937  Echo_1                        
00001455  GPIODirModeSet                
0000096d  GPIOPadConfigSet              
00001563  GPIOPinRead                   
000014e1  GPIOPinTypeGPIOInput          
0000149f  GPIOPinTypeGPIOOutput         
00001569  GPIOPinWrite                  
00001505  IntMasterEnable               
0000154d  ResetISR                      
000008ab  SW_End                        
0000088d  SW_Start                      
00000ea5  StateMachineUpdate_In         
0000116d  StateMachineUpdate_Out        
00000aa1  SysCtlClockGet                
00000db1  SysCtlClockSet                
0000156f  SysCtlDelay                   
000013ed  SysCtlPeripheralEnable        
000014b9  SysTickEnable                 
000014cd  SysTickIntEnable              
00001515  SysTickPeriodSet              
00001275  SysTick_Handler               
000012b5  SysTick_Init                  
00000595  Timer0A_ISR                   
00000429  Timer1A_ISR                   
00001349  TimerConfigure                
00001525  TimerEnable                   
000014f3  TimerLoadSet                  
00001559  TimerValueGet                 
000008c9  Trig_0                        
0000090f  Trig_1                        
20000200  __STACK_END                   
00000200  __STACK_SIZE                  
20000200  __STACK_TOP                   
00001604  __TI_CINIT_Base               
0000160c  __TI_CINIT_Limit              
000015fc  __TI_Handler_Table_Base       
00001604  __TI_Handler_Table_Limit      
000013a9  __TI_auto_init_nobinit_nopinit
000012e1  __TI_decompress_lzss          
00001533  __TI_decompress_none          
ffffffff  __TI_pprof_out_hndl           
ffffffff  __TI_prof_data_size           
ffffffff  __TI_prof_data_start          
00000000  __TI_static_base__            
00001205  __aeabi_d2f                   
0000027b  __aeabi_dadd                  
00000701  __aeabi_ddiv                  
00000cb5  __aeabi_dmul                  
00000271  __aeabi_dsub                  
000010d1  __aeabi_memcpy                
000010d1  __aeabi_memcpy4               
000010d1  __aeabi_memcpy8               
0000147f  __aeabi_ui2d                  
ffffffff  __binit__                     
ffffffff  __c_args__                    
UNDEFED   __mpu_init                    
20000000  __stack                       
20000000  __start___llvm_prf_cnts       
20000000  __stop___llvm_prf_cnts        
00001421  _c_int00_noargs               
UNDEFED   _system_post_cinit            
00001575  _system_pre_init              
00001579  abort                         
ffffffff  binit                         
200002f4  check                         
2000034a  confirm                       
2000032c  counter                       
20000320  distance_fil_in               
20000328  distance_fil_out              
20000310  distance_in                   
200002fc  distance_out                  
2000031c  distance_sum_in               
20000324  distance_sum_out              
00001029  filter_array_in               
0000106b  filter_array_out              
20000200  filter_in                     
20000278  filter_out                    
2000030c  flag_in                       
200002f8  flag_out                      
20000334  flag_sys                      
00000000  g_pfnVectors                  
00000f69  main                          
000010d1  memcpy                        
20000308  num_in                        
200002f0  num_out                       
20000338  pri                           
20000318  pulse_end_in                  
20000304  pulse_end_out                 
20000314  pulse_start_in                
20000300  pulse_start_out               
20000330  restart                       
2000033c  someone_in                    
20000344  someone_out                   


GLOBAL SYMBOLS: SORTED BY Symbol Address 

address   name                          
-------   ----                          
00000000  __TI_static_base__            
00000000  g_pfnVectors                  
00000200  __STACK_SIZE                  
00000271  __aeabi_dsub                  
0000027b  __aeabi_dadd                  
00000429  Timer1A_ISR                   
0000052b  Config_Timer1                 
00000595  Timer0A_ISR                   
00000697  Config_Timer                  
00000701  __aeabi_ddiv                  
00000839  Config_led_red                
00000855  Config_led_blue               
00000871  Config_led_green              
0000088d  SW_Start                      
000008ab  SW_End                        
000008c9  Trig_0                        
000008f1  Echo_0                        
0000090f  Trig_1                        
00000937  Echo_1                        
0000096d  GPIOPadConfigSet              
00000aa1  SysCtlClockGet                
00000bb1  Check_In                      
00000c27  Check_Out                     
00000cb5  __aeabi_dmul                  
00000db1  SysCtlClockSet                
00000ea5  StateMachineUpdate_In         
00000f69  main                          
00001029  filter_array_in               
0000106b  filter_array_out              
000010d1  __aeabi_memcpy                
000010d1  __aeabi_memcpy4               
000010d1  __aeabi_memcpy8               
000010d1  memcpy                        
0000116d  StateMachineUpdate_Out        
00001205  __aeabi_d2f                   
00001275  SysTick_Handler               
000012b5  SysTick_Init                  
000012e1  __TI_decompress_lzss          
00001349  TimerConfigure                
000013a9  __TI_auto_init_nobinit_nopinit
000013ed  SysCtlPeripheralEnable        
00001421  _c_int00_noargs               
00001455  GPIODirModeSet                
0000147f  __aeabi_ui2d                  
0000149f  GPIOPinTypeGPIOOutput         
000014b9  SysTickEnable                 
000014cd  SysTickIntEnable              
000014e1  GPIOPinTypeGPIOInput          
000014f3  TimerLoadSet                  
00001505  IntMasterEnable               
00001515  SysTickPeriodSet              
00001525  TimerEnable                   
00001533  __TI_decompress_none          
00001541  CPUcpsie                      
0000154d  ResetISR                      
00001559  TimerValueGet                 
00001563  GPIOPinRead                   
00001569  GPIOPinWrite                  
0000156f  SysCtlDelay                   
00001575  _system_pre_init              
00001579  C$$EXIT                       
00001579  abort                         
000015fc  __TI_Handler_Table_Base       
00001604  __TI_CINIT_Base               
00001604  __TI_Handler_Table_Limit      
0000160c  __TI_CINIT_Limit              
20000000  __stack                       
20000000  __start___llvm_prf_cnts       
20000000  __stop___llvm_prf_cnts        
20000200  __STACK_END                   
20000200  __STACK_TOP                   
20000200  filter_in                     
20000278  filter_out                    
200002f0  num_out                       
200002f4  check                         
200002f8  flag_out                      
200002fc  distance_out                  
20000300  pulse_start_out               
20000304  pulse_end_out                 
20000308  num_in                        
2000030c  flag_in                       
20000310  distance_in                   
20000314  pulse_start_in                
20000318  pulse_end_in                  
2000031c  distance_sum_in               
20000320  distance_fil_in               
20000324  distance_sum_out              
20000328  distance_fil_out              
2000032c  counter                       
20000330  restart                       
20000334  flag_sys                      
20000338  pri                           
2000033c  someone_in                    
20000344  someone_out                   
2000034a  confirm                       
ffffffff  __TI_pprof_out_hndl           
ffffffff  __TI_prof_data_size           
ffffffff  __TI_prof_data_start          
ffffffff  __binit__                     
ffffffff  __c_args__                    
ffffffff  binit                         
UNDEFED   __mpu_init                    
UNDEFED   _system_post_cinit            

[103 symbols]
